node.exe : FAIL 
tests/auth.test.ts 
(17.535 s)
At line:1 char:1
+ & "C:\Program 
Files\nodejs/node.exe" 
"C:\Users\tonymark\AppD
ata\Roami ...
+ ~~~~~~~~~~~~~~~~~~~~~
~~~~~~~~~~~~~~~~~~~~~~~
~~~~~~~~~~~~~~~~~~~~~~~
~~
    + CategoryInfo     
         : NotSpecifi  
  ed: (FAIL tests/au   
 th.test.ts (17.535    
 s):String) [], Re    
moteException
    + FullyQualifiedEr 
   rorId : NativeComm  
  andError
 
  Auth API
    POST /api/users
      ΓêÜ should 
register a new user 
and return a token 
(278 ms)
      ├ù should not 
register a user with 
duplicate email (5019 
ms)
    POST 
/api/users/auth
      ΓêÜ should login 
with correct 
credentials (229 ms)
      ├ù should not 
login with incorrect 
password (5119 ms)
    POST 
/api/users/logout
      ΓêÜ should 
logout user and clear 
cookie (24 ms)

  ΓùÅ Auth API ΓÇ║ 
POST /api/users ΓÇ║ 
should not register a 
user with duplicate 
email

    User already exists

    [0m [90m 13 
|[39m     
[36mif[39m 
(userExists) {
     [90m 14 |[39m   
      res[33m.[39msta
tus([35m400[39m)[33m
;[39m
    [31m[1m>[22m[39
m[90m 15 |[39m       
  [36mthrow[39m 
[36mnew[39m [33mErro
r[39m([32m'User 
already exists'[39m)[
33m;[39m
     [90m    |[39m   
            
[31m[1m^[22m[39m
     [90m 16 |[39m   
  }
     [90m 17 |[39m
     [90m 18 |[39m   
  [36mconst[39m user 
[33m=[39m 
[36mawait[39m [33mUs
er[39m[33m.[39mcreat
e({[0m

      at registerUser (
src/controllers/authCon
troller.ts:15:15)

  ΓùÅ Auth API ΓÇ║ 
POST /api/users ΓÇ║ 
should not register a 
user with duplicate 
email

    thrown: "Exceeded 
timeout of 5000 ms for 
a test.
    Add a timeout 
value to this test to 
increase the timeout, 
if this is a 
long-running test. See 
https://jestjs.io/docs/
api#testname-fn-timeout
."

    [0m [90m 47 
|[39m         
})[33m;[39m
     [90m 48 |[39m
    [31m[1m>[22m[39
m[90m 49 |[39m       
  it([32m'should not 
register a user with 
duplicate 
email'[39m[33m,[39m 
[36masync[39m () 
[33m=>[39m {
     [90m    |[39m   
      
[31m[1m^[22m[39m
     [90m 50 |[39m   
          
[36mawait[39m [33mUs
er[39m[33m.[39mcreat
e(userData)[33m;[39m
     [90m 51 |[39m
     [90m 52 |[39m   
          
[36mconst[39m res 
[33m=[39m 
[36mawait[39m 
request(app)[0m

      at 
tests/auth.test.ts:49:9
      at 
tests/auth.test.ts:31:5
      at 
Object.<anonymous> (tes
ts/auth.test.ts:20:1)

  ΓùÅ Auth API ΓÇ║ 
POST /api/users/auth 
ΓÇ║ should not login 
with incorrect password

    Invalid email or 
password

    [0m [90m 54 
|[39m     } 
[36melse[39m {
     [90m 55 |[39m   
      res[33m.[39msta
tus([35m401[39m)[33m
;[39m
    [31m[1m>[22m[39
m[90m 56 |[39m       
  [36mthrow[39m 
[36mnew[39m [33mErro
r[39m([32m'Invalid 
email or password'[39m
)[33m;[39m
     [90m    |[39m   
            
[31m[1m^[22m[39m
     [90m 57 |[39m   
  }
     [90m 58 |[39m 
}[33m;[39m
     [90m 59 
|[39m[0m

      at authUser (src/
controllers/authControl
ler.ts:56:15)

  ΓùÅ Auth API ΓÇ║ 
POST /api/users/auth 
ΓÇ║ should not login 
with incorrect password

    thrown: "Exceeded 
timeout of 5000 ms for 
a test.
    Add a timeout 
value to this test to 
increase the timeout, 
if this is a 
long-running test. See 
https://jestjs.io/docs/
api#testname-fn-timeout
."

    [0m [90m 78 
|[39m         
})[33m;[39m
     [90m 79 |[39m
    [31m[1m>[22m[39
m[90m 80 |[39m       
  it([32m'should not 
login with incorrect pa
ssword'[39m[33m,[39m
 [36masync[39m () 
[33m=>[39m {
     [90m    |[39m   
      
[31m[1m^[22m[39m
     [90m 81 |[39m   
          
[36mawait[39m 
request(app)
     [90m 82 |[39m   
              [33m.[3
9mpost([32m'/api/users
/auth'[39m)
     [90m 83 |[39m   
              
[33m.[39msend({ 
email[33m:[39m userDa
ta[33m.[39memail[33m
,[39m 
password[33m:[39m [3
2m'wrongpassword'[39m 
})[0m

      at 
tests/auth.test.ts:80:9
      at 
tests/auth.test.ts:61:5
      at 
Object.<anonymous> (tes
ts/auth.test.ts:20:1)

Test Suites: 1 failed, 
1 total
Tests:       2 failed, 
3 passed, 5 total
Snapshots:   0 total
Time:        18.059 s, 
estimated 19 s
Ran all test suites 
matching 
/tests\\auth.test.ts/i.
Force exiting Jest: 
Have you considered 
using 
`--detectOpenHandles` 
to detect async 
operations that kept 
running after all 
tests finished?
